
Allocating common symbols
Common symbol       size              file

x                   0x14              /tmp/ccGK169y.o
ComError            0x4               /tmp/ccNRfMA7.o
ComRXBuffer         0x4c              /tmp/ccNRfMA7.o
ComTXBuffer         0x4c              /tmp/ccNRfMA7.o
y                   0x14              /tmp/ccGK169y.o
ComOpen             0x4               /tmp/ccNRfMA7.o
ComBusy             0x4               /tmp/ccNRfMA7.o

Memory Configuration

Name             Origin             Length             Attributes
flash            0x0000000008000000 0x0000000000040000
sram1            0x0000000020000000 0x000000000000c000
sram2            0x0000000010000000 0x0000000000004000
*default*        0x0000000000000000 0xffffffffffffffff

Linker script and memory map

LOAD /tmp/ccBOw430.o
LOAD /tmp/ccGK169y.o
LOAD /tmp/ccNRfMA7.o
LOAD /usr/local/gcc-arm-none-eabi-6-2017-q2-update/bin/../lib/gcc/arm-none-eabi/6.3.1/thumb/v7e-m/fpv4-sp/hard/libgcc.a
START GROUP
LOAD /usr/local/gcc-arm-none-eabi-6-2017-q2-update/bin/../lib/gcc/arm-none-eabi/6.3.1/thumb/v7e-m/fpv4-sp/hard/libgcc.a
LOAD /usr/local/gcc-arm-none-eabi-6-2017-q2-update/bin/../lib/gcc/arm-none-eabi/6.3.1/../../../../arm-none-eabi/lib/thumb/v7e-m/fpv4-sp/hard/libg.a
LOAD /usr/local/gcc-arm-none-eabi-6-2017-q2-update/bin/../lib/gcc/arm-none-eabi/6.3.1/../../../../arm-none-eabi/lib/thumb/v7e-m/fpv4-sp/hard/libc.a
END GROUP
                0x0000000008000000                . = ORIGIN (flash)

.text           0x0000000008000000      0xbb0
 *(.vectors)
 .vectors       0x0000000008000000      0x18c /tmp/ccBOw430.o
                0x0000000008000000                Vectors
 *(.text)
 .text          0x000000000800018c       0x48 /tmp/ccBOw430.o
                0x000000000800018c                Default_Handler
                0x0000000008000190                init
 .text          0x00000000080001d4      0x53c /tmp/ccGK169y.o
                0x00000000080001d4                initFPU
                0x00000000080001ec                initFilter
                0x000000000800020c                filter
                0x0000000008000294                delay
                0x0000000008000298                initClocks
                0x00000000080002e8                configPins
                0x0000000008000310                initDAC
                0x0000000008000364                initADC
                0x0000000008000488                ADC_ISR
                0x0000000008000568                writeDAC
                0x0000000008000574                displayRegisters
 .text          0x0000000008000710      0x4a0 /tmp/ccNRfMA7.o
                0x0000000008000710                ReadCom
                0x0000000008000770                WriteCom
                0x0000000008000820                initUART
                0x0000000008000970                usart_rx
                0x00000000080009bc                usart_tx
                0x0000000008000a28                isr_usart2
                0x0000000008000a50                PutBuf
                0x0000000008000a84                GetBuf
                0x0000000008000aac                GetBufCount
                0x0000000008000ab0                available
                0x0000000008000ac0                transmitting
                0x0000000008000ad0                eputs
                0x0000000008000b00                egets
                0x0000000008000b60                HexDigit
                0x0000000008000b6c                printHex
                0x0000000008000ba4                bytesAvailable

.glue_7         0x0000000008000bb0        0x0
 .glue_7        0x0000000008000bb0        0x0 linker stubs

.glue_7t        0x0000000008000bb0        0x0
 .glue_7t       0x0000000008000bb0        0x0 linker stubs

.vfp11_veneer   0x0000000008000bb0        0x0
 .vfp11_veneer  0x0000000008000bb0        0x0 linker stubs

.v4_bx          0x0000000008000bb0        0x0
 .v4_bx         0x0000000008000bb0        0x0 linker stubs

.iplt           0x0000000008000bb0        0x0
 .iplt          0x0000000008000bb0        0x0 /tmp/ccBOw430.o

.text.startup   0x0000000008000bb0       0x80
 .text.startup  0x0000000008000bb0       0x80 /tmp/ccGK169y.o
                0x0000000008000bb0                main

.rodata         0x0000000008000c30       0x28
 .rodata        0x0000000008000c30       0x28 /tmp/ccGK169y.o
                0x0000000008000c30                b
                0x0000000008000c44                a

.rodata.str1.4  0x0000000008000c58       0xec
 .rodata.str1.4
                0x0000000008000c58       0xec /tmp/ccGK169y.o
                                         0xe9 (size before relaxing)

.rel.dyn        0x0000000008000d44        0x0
 .rel.iplt      0x0000000008000d44        0x0 /tmp/ccBOw430.o
                0x0000000020000000                . = ORIGIN (sram1)

.data           0x0000000020000000        0x0 load address 0x0000000008000d44
                0x0000000008000d44                INIT_DATA_VALUES = LOADADDR (.data)
                0x0000000020000000                INIT_DATA_START = .
 *(.data)
 .data          0x0000000020000000        0x0 /tmp/ccBOw430.o
 .data          0x0000000020000000        0x0 /tmp/ccGK169y.o
 .data          0x0000000020000000        0x0 /tmp/ccNRfMA7.o
                0x0000000020000000                INIT_DATA_END = .
                0x0000000020000000                BSS_START = .

.igot.plt       0x0000000020000000        0x0 load address 0x0000000008000d44
 .igot.plt      0x0000000020000000        0x0 /tmp/ccBOw430.o

.bss            0x0000000020000000       0xd0 load address 0x0000000008000d44
 *(.bss)
 .bss           0x0000000020000000        0x0 /tmp/ccBOw430.o
 .bss           0x0000000020000000        0x4 /tmp/ccGK169y.o
                0x0000000020000000                ADCValue
 .bss           0x0000000020000004        0x0 /tmp/ccNRfMA7.o
 COMMON         0x0000000020000004       0x28 /tmp/ccGK169y.o
                0x0000000020000004                x
                0x0000000020000018                y
 COMMON         0x000000002000002c       0xa4 /tmp/ccNRfMA7.o
                0x000000002000002c                ComError
                0x0000000020000030                ComRXBuffer
                0x000000002000007c                ComTXBuffer
                0x00000000200000c8                ComOpen
                0x00000000200000cc                ComBusy
                0x00000000200000d0                BSS_END = .
OUTPUT(main.elf elf32-littlearm)

.debug_info     0x0000000000000000      0xe6f
 .debug_info    0x0000000000000000      0x16c /tmp/ccBOw430.o
 .debug_info    0x000000000000016c      0x66d /tmp/ccGK169y.o
 .debug_info    0x00000000000007d9      0x696 /tmp/ccNRfMA7.o

.debug_abbrev   0x0000000000000000      0x611
 .debug_abbrev  0x0000000000000000       0xe8 /tmp/ccBOw430.o
 .debug_abbrev  0x00000000000000e8      0x23c /tmp/ccGK169y.o
 .debug_abbrev  0x0000000000000324      0x2ed /tmp/ccNRfMA7.o

.debug_loc      0x0000000000000000      0x90f
 .debug_loc     0x0000000000000000       0x89 /tmp/ccBOw430.o
 .debug_loc     0x0000000000000089      0x26a /tmp/ccGK169y.o
 .debug_loc     0x00000000000002f3      0x61c /tmp/ccNRfMA7.o

.debug_aranges  0x0000000000000000       0x68
 .debug_aranges
                0x0000000000000000       0x20 /tmp/ccBOw430.o
 .debug_aranges
                0x0000000000000020       0x28 /tmp/ccGK169y.o
 .debug_aranges
                0x0000000000000048       0x20 /tmp/ccNRfMA7.o

.debug_line     0x0000000000000000      0x69a
 .debug_line    0x0000000000000000       0xfa /tmp/ccBOw430.o
 .debug_line    0x00000000000000fa      0x2b8 /tmp/ccGK169y.o
 .debug_line    0x00000000000003b2      0x2e8 /tmp/ccNRfMA7.o

.debug_str      0x0000000000000000      0x3a3
 .debug_str     0x0000000000000000      0x1d2 /tmp/ccBOw430.o
                                        0x217 (size before relaxing)
 .debug_str     0x00000000000001d2       0xd5 /tmp/ccGK169y.o
                                        0x275 (size before relaxing)
 .debug_str     0x00000000000002a7       0xfc /tmp/ccNRfMA7.o
                                        0x2d9 (size before relaxing)

.comment        0x0000000000000000       0x7f
 .comment       0x0000000000000000       0x7f /tmp/ccBOw430.o
                                         0x80 (size before relaxing)
 .comment       0x000000000000007f       0x80 /tmp/ccGK169y.o
 .comment       0x000000000000007f       0x80 /tmp/ccNRfMA7.o

.ARM.attributes
                0x0000000000000000       0x39
 .ARM.attributes
                0x0000000000000000       0x39 /tmp/ccBOw430.o
 .ARM.attributes
                0x0000000000000039       0x39 /tmp/ccGK169y.o
 .ARM.attributes
                0x0000000000000072       0x39 /tmp/ccNRfMA7.o

.debug_frame    0x0000000000000000      0x304
 .debug_frame   0x0000000000000000       0x30 /tmp/ccBOw430.o
 .debug_frame   0x0000000000000030      0x11c /tmp/ccGK169y.o
 .debug_frame   0x000000000000014c      0x1b8 /tmp/ccNRfMA7.o

.debug_ranges   0x0000000000000000      0x120
 .debug_ranges  0x0000000000000000       0x60 /tmp/ccGK169y.o
 .debug_ranges  0x0000000000000060       0xc0 /tmp/ccNRfMA7.o

Cross Reference Table

Symbol                                            File
ADCValue                                          /tmp/ccGK169y.o
ADC_ISR                                           /tmp/ccGK169y.o
                                                  /tmp/ccBOw430.o
BSS_END                                           /tmp/ccBOw430.o
BSS_START                                         /tmp/ccBOw430.o
ComBusy                                           /tmp/ccNRfMA7.o
ComError                                          /tmp/ccNRfMA7.o
ComOpen                                           /tmp/ccNRfMA7.o
ComRXBuffer                                       /tmp/ccNRfMA7.o
ComTXBuffer                                       /tmp/ccNRfMA7.o
Default_Handler                                   /tmp/ccBOw430.o
GetBuf                                            /tmp/ccNRfMA7.o
GetBufCount                                       /tmp/ccNRfMA7.o
HexDigit                                          /tmp/ccNRfMA7.o
INIT_DATA_END                                     /tmp/ccBOw430.o
INIT_DATA_START                                   /tmp/ccBOw430.o
INIT_DATA_VALUES                                  /tmp/ccBOw430.o
PutBuf                                            /tmp/ccNRfMA7.o
ReadCom                                           /tmp/ccNRfMA7.o
Vectors                                           /tmp/ccBOw430.o
WriteCom                                          /tmp/ccNRfMA7.o
a                                                 /tmp/ccGK169y.o
available                                         /tmp/ccNRfMA7.o
b                                                 /tmp/ccGK169y.o
bytesAvailable                                    /tmp/ccNRfMA7.o
configPins                                        /tmp/ccGK169y.o
delay                                             /tmp/ccGK169y.o
displayRegisters                                  /tmp/ccGK169y.o
egets                                             /tmp/ccNRfMA7.o
eputs                                             /tmp/ccNRfMA7.o
                                                  /tmp/ccGK169y.o
filter                                            /tmp/ccGK169y.o
init                                              /tmp/ccBOw430.o
initADC                                           /tmp/ccGK169y.o
initClocks                                        /tmp/ccGK169y.o
initDAC                                           /tmp/ccGK169y.o
initFPU                                           /tmp/ccGK169y.o
initFilter                                        /tmp/ccGK169y.o
initUART                                          /tmp/ccNRfMA7.o
                                                  /tmp/ccGK169y.o
isr_usart2                                        /tmp/ccNRfMA7.o
                                                  /tmp/ccBOw430.o
main                                              /tmp/ccGK169y.o
                                                  /tmp/ccBOw430.o
printHex                                          /tmp/ccNRfMA7.o
                                                  /tmp/ccGK169y.o
transmitting                                      /tmp/ccNRfMA7.o
                                                  /tmp/ccGK169y.o
usart_rx                                          /tmp/ccNRfMA7.o
usart_tx                                          /tmp/ccNRfMA7.o
writeDAC                                          /tmp/ccGK169y.o
x                                                 /tmp/ccGK169y.o
y                                                 /tmp/ccGK169y.o
