
Memory Configuration

Name             Origin             Length             Attributes
flash            0x0000000008000000 0x0000000000040000
sram1            0x0000000020000000 0x000000000000c000
sram2            0x0000000010000000 0x0000000000004000
*default*        0x0000000000000000 0xffffffffffffffff

Linker script and memory map

LOAD /tmp/ccsWGunD.o
LOAD /tmp/ccPSk1gH.o
LOAD /usr/local/gcc-arm-none-eabi-6-2017-q2-update/bin/../lib/gcc/arm-none-eabi/6.3.1/thumb/v7e-m/libgcc.a
START GROUP
LOAD /usr/local/gcc-arm-none-eabi-6-2017-q2-update/bin/../lib/gcc/arm-none-eabi/6.3.1/thumb/v7e-m/libgcc.a
LOAD /usr/local/gcc-arm-none-eabi-6-2017-q2-update/bin/../lib/gcc/arm-none-eabi/6.3.1/../../../../arm-none-eabi/lib/thumb/v7e-m/libg.a
LOAD /usr/local/gcc-arm-none-eabi-6-2017-q2-update/bin/../lib/gcc/arm-none-eabi/6.3.1/../../../../arm-none-eabi/lib/thumb/v7e-m/libc.a
END GROUP
                0x0000000008000000                . = ORIGIN (flash)

.text           0x0000000008000000      0x284
 *(.vectors)
 .vectors       0x0000000008000000      0x18c /tmp/ccsWGunD.o
                0x0000000008000000                Vectors
 *(.text)
 .text          0x000000000800018c       0x7c /tmp/ccsWGunD.o
                0x000000000800018c                init
                0x0000000008000200                Default_Handler
 .text          0x0000000008000208       0x7c /tmp/ccPSk1gH.o
                0x0000000008000208                delay
                0x0000000008000226                main

.glue_7         0x0000000008000284        0x0
 .glue_7        0x0000000008000284        0x0 linker stubs

.glue_7t        0x0000000008000284        0x0
 .glue_7t       0x0000000008000284        0x0 linker stubs

.vfp11_veneer   0x0000000008000284        0x0
 .vfp11_veneer  0x0000000008000284        0x0 linker stubs

.v4_bx          0x0000000008000284        0x0
 .v4_bx         0x0000000008000284        0x0 linker stubs

.iplt           0x0000000008000284        0x0
 .iplt          0x0000000008000284        0x0 /tmp/ccsWGunD.o

.rel.dyn        0x0000000008000284        0x0
 .rel.iplt      0x0000000008000284        0x0 /tmp/ccsWGunD.o
                0x0000000020000000                . = ORIGIN (sram1)

.data           0x0000000020000000        0x0 load address 0x0000000008000284
                0x0000000008000284                INIT_DATA_VALUES = LOADADDR (.data)
                0x0000000020000000                INIT_DATA_START = .
 *(.data)
 .data          0x0000000020000000        0x0 /tmp/ccsWGunD.o
 .data          0x0000000020000000        0x0 /tmp/ccPSk1gH.o
                0x0000000020000000                INIT_DATA_END = .
                0x0000000020000000                BSS_START = .

.igot.plt       0x0000000020000000        0x0 load address 0x0000000008000284
 .igot.plt      0x0000000020000000        0x0 /tmp/ccsWGunD.o

.bss            0x0000000020000000        0x0 load address 0x0000000008000284
 *(.bss)
 .bss           0x0000000020000000        0x0 /tmp/ccsWGunD.o
 .bss           0x0000000020000000        0x0 /tmp/ccPSk1gH.o
                0x0000000020000000                BSS_END = .
OUTPUT(main.elf elf32-littlearm)

.debug_info     0x0000000000000000      0xa80
 .debug_info    0x0000000000000000      0x155 /tmp/ccsWGunD.o
 .debug_info    0x0000000000000155      0x92b /tmp/ccPSk1gH.o

.debug_abbrev   0x0000000000000000      0x2a9
 .debug_abbrev  0x0000000000000000       0xc9 /tmp/ccsWGunD.o
 .debug_abbrev  0x00000000000000c9      0x1e0 /tmp/ccPSk1gH.o

.debug_aranges  0x0000000000000000       0x40
 .debug_aranges
                0x0000000000000000       0x20 /tmp/ccsWGunD.o
 .debug_aranges
                0x0000000000000020       0x20 /tmp/ccPSk1gH.o

.debug_line     0x0000000000000000      0x2db
 .debug_line    0x0000000000000000       0xff /tmp/ccsWGunD.o
 .debug_line    0x00000000000000ff      0x1dc /tmp/ccPSk1gH.o

.debug_str      0x0000000000000000      0x5c1
 .debug_str     0x0000000000000000      0x185 /tmp/ccsWGunD.o
                                        0x1cf (size before relaxing)
 .debug_str     0x0000000000000185      0x43c /tmp/ccPSk1gH.o
                                        0x5ba (size before relaxing)

.comment        0x0000000000000000       0x7f
 .comment       0x0000000000000000       0x7f /tmp/ccsWGunD.o
                                         0x80 (size before relaxing)
 .comment       0x000000000000007f       0x80 /tmp/ccPSk1gH.o

.ARM.attributes
                0x0000000000000000       0x33
 .ARM.attributes
                0x0000000000000000       0x33 /tmp/ccsWGunD.o
 .ARM.attributes
                0x0000000000000033       0x33 /tmp/ccPSk1gH.o

.debug_frame    0x0000000000000000       0xa0
 .debug_frame   0x0000000000000000       0x4c /tmp/ccsWGunD.o
 .debug_frame   0x000000000000004c       0x54 /tmp/ccPSk1gH.o

Cross Reference Table

Symbol                                            File
BSS_END                                           /tmp/ccsWGunD.o
BSS_START                                         /tmp/ccsWGunD.o
Default_Handler                                   /tmp/ccsWGunD.o
INIT_DATA_END                                     /tmp/ccsWGunD.o
INIT_DATA_START                                   /tmp/ccsWGunD.o
INIT_DATA_VALUES                                  /tmp/ccsWGunD.o
Vectors                                           /tmp/ccsWGunD.o
delay                                             /tmp/ccPSk1gH.o
init                                              /tmp/ccsWGunD.o
main                                              /tmp/ccPSk1gH.o
                                                  /tmp/ccsWGunD.o
