Archive member included to satisfy reference by file (symbol)

/usr/local/gcc-arm-none-eabi-6-2017-q2-update/bin/../lib/gcc/arm-none-eabi/6.3.1/../../../../arm-none-eabi/lib/thumb/v7e-m/libg.a(lib_a-memcpy.o)
                              /tmp/ccUBUslC.o (memcpy)
/usr/local/gcc-arm-none-eabi-6-2017-q2-update/bin/../lib/gcc/arm-none-eabi/6.3.1/../../../../arm-none-eabi/lib/thumb/v7e-m/libg.a(lib_a-memset.o)
                              /tmp/ccUBUslC.o (memset)

Allocating common symbols
Common symbol       size              file

ComError            0x4               /tmp/ccBv8VGl.o
ComRXBuffer         0x4c              /tmp/ccBv8VGl.o
ComTXBuffer         0x4c              /tmp/ccBv8VGl.o
ComOpen             0x4               /tmp/ccBv8VGl.o
ComBusy             0x4               /tmp/ccBv8VGl.o

Memory Configuration

Name             Origin             Length             Attributes
flash            0x0000000008000000 0x0000000000040000
sram1            0x0000000020000000 0x000000000000c000
sram2            0x0000000010000000 0x0000000000004000
*default*        0x0000000000000000 0xffffffffffffffff

Linker script and memory map

LOAD /tmp/ccUBUslC.o
LOAD /tmp/cc5yyCPt.o
LOAD /tmp/ccBv8VGl.o
LOAD /usr/local/gcc-arm-none-eabi-6-2017-q2-update/bin/../lib/gcc/arm-none-eabi/6.3.1/thumb/v7e-m/libgcc.a
START GROUP
LOAD /usr/local/gcc-arm-none-eabi-6-2017-q2-update/bin/../lib/gcc/arm-none-eabi/6.3.1/thumb/v7e-m/libgcc.a
LOAD /usr/local/gcc-arm-none-eabi-6-2017-q2-update/bin/../lib/gcc/arm-none-eabi/6.3.1/../../../../arm-none-eabi/lib/thumb/v7e-m/libg.a
LOAD /usr/local/gcc-arm-none-eabi-6-2017-q2-update/bin/../lib/gcc/arm-none-eabi/6.3.1/../../../../arm-none-eabi/lib/thumb/v7e-m/libc.a
END GROUP
                0x0000000008000000                . = ORIGIN (flash)

.text           0x0000000008000000      0xd14
 *(.vectors)
 .vectors       0x0000000008000000      0x18c /tmp/ccUBUslC.o
                0x0000000008000000                Vectors
 *(.text)
 .text          0x000000000800018c       0x40 /tmp/ccUBUslC.o
                0x000000000800018c                Default_Handler
                0x0000000008000190                init
 .text          0x00000000080001cc      0x3d0 /tmp/cc5yyCPt.o
                0x00000000080001cc                delay
                0x00000000080001d0                initClocks
                0x0000000008000220                configPins
                0x0000000008000248                initDAC
                0x000000000800029c                initADC
                0x00000000080003c0                ADC_ISR
                0x0000000008000400                displayRegisters
 .text          0x000000000800059c      0x644 /tmp/ccBv8VGl.o
                0x000000000800059c                ReadCom
                0x00000000080005fc                WriteCom
                0x00000000080006a8                initUART
                0x00000000080007f8                isr_usart2
                0x00000000080008c4                usart_rx
                0x0000000008000910                usart_tx
                0x000000000800097c                PutBuf
                0x00000000080009ac                GetBuf
                0x00000000080009d4                GetBufCount
                0x00000000080009d8                available
                0x00000000080009e8                transmitting
                0x00000000080009f8                eputs
                0x0000000008000a9c                egets
                0x0000000008000afc                HexDigit
                0x0000000008000b08                printHex
                0x0000000008000bd4                bytesAvailable
 .text          0x0000000008000be0      0x134 /usr/local/gcc-arm-none-eabi-6-2017-q2-update/bin/../lib/gcc/arm-none-eabi/6.3.1/../../../../arm-none-eabi/lib/thumb/v7e-m/libg.a(lib_a-memcpy.o)
                0x0000000008000be0                memcpy
 .text          0x0000000008000d14        0x0 /usr/local/gcc-arm-none-eabi-6-2017-q2-update/bin/../lib/gcc/arm-none-eabi/6.3.1/../../../../arm-none-eabi/lib/thumb/v7e-m/libg.a(lib_a-memset.o)

.glue_7         0x0000000008000d14        0x0
 .glue_7        0x0000000008000d14        0x0 linker stubs

.glue_7t        0x0000000008000d14        0x0
 .glue_7t       0x0000000008000d14        0x0 linker stubs

.vfp11_veneer   0x0000000008000d14        0x0
 .vfp11_veneer  0x0000000008000d14        0x0 linker stubs

.v4_bx          0x0000000008000d14        0x0
 .v4_bx         0x0000000008000d14        0x0 linker stubs

.iplt           0x0000000008000d14        0x0
 .iplt          0x0000000008000d14        0x0 /tmp/ccUBUslC.o

.text.startup   0x0000000008000d14       0x4c
 .text.startup  0x0000000008000d14       0x4c /tmp/cc5yyCPt.o
                0x0000000008000d14                main

.text.memset    0x0000000008000d60       0x9c
 .text.memset   0x0000000008000d60       0x9c /usr/local/gcc-arm-none-eabi-6-2017-q2-update/bin/../lib/gcc/arm-none-eabi/6.3.1/../../../../arm-none-eabi/lib/thumb/v7e-m/libg.a(lib_a-memset.o)
                0x0000000008000d60                memset

.rodata.str1.4  0x0000000008000dfc       0xec
 .rodata.str1.4
                0x0000000008000dfc       0xec /tmp/cc5yyCPt.o
                                         0xe9 (size before relaxing)

.rel.dyn        0x0000000008000ee8        0x0
 .rel.iplt      0x0000000008000ee8        0x0 /tmp/ccUBUslC.o
                0x0000000020000000                . = ORIGIN (sram1)

.data           0x0000000020000000        0x0 load address 0x0000000008000ee8
                0x0000000008000ee8                INIT_DATA_VALUES = LOADADDR (.data)
                0x0000000020000000                INIT_DATA_START = .
 *(.data)
 .data          0x0000000020000000        0x0 /tmp/ccUBUslC.o
 .data          0x0000000020000000        0x0 /tmp/cc5yyCPt.o
 .data          0x0000000020000000        0x0 /tmp/ccBv8VGl.o
 .data          0x0000000020000000        0x0 /usr/local/gcc-arm-none-eabi-6-2017-q2-update/bin/../lib/gcc/arm-none-eabi/6.3.1/../../../../arm-none-eabi/lib/thumb/v7e-m/libg.a(lib_a-memcpy.o)
 .data          0x0000000020000000        0x0 /usr/local/gcc-arm-none-eabi-6-2017-q2-update/bin/../lib/gcc/arm-none-eabi/6.3.1/../../../../arm-none-eabi/lib/thumb/v7e-m/libg.a(lib_a-memset.o)
                0x0000000020000000                INIT_DATA_END = .
                0x0000000020000000                BSS_START = .

.igot.plt       0x0000000020000000        0x0 load address 0x0000000008000ee8
 .igot.plt      0x0000000020000000        0x0 /tmp/ccUBUslC.o

.bss            0x0000000020000000       0xa8 load address 0x0000000008000ee8
 *(.bss)
 .bss           0x0000000020000000        0x0 /tmp/ccUBUslC.o
 .bss           0x0000000020000000        0x4 /tmp/cc5yyCPt.o
                0x0000000020000000                ADCValue
 .bss           0x0000000020000004        0x0 /tmp/ccBv8VGl.o
 .bss           0x0000000020000004        0x0 /usr/local/gcc-arm-none-eabi-6-2017-q2-update/bin/../lib/gcc/arm-none-eabi/6.3.1/../../../../arm-none-eabi/lib/thumb/v7e-m/libg.a(lib_a-memcpy.o)
 .bss           0x0000000020000004        0x0 /usr/local/gcc-arm-none-eabi-6-2017-q2-update/bin/../lib/gcc/arm-none-eabi/6.3.1/../../../../arm-none-eabi/lib/thumb/v7e-m/libg.a(lib_a-memset.o)
 COMMON         0x0000000020000004       0xa4 /tmp/ccBv8VGl.o
                0x0000000020000004                ComError
                0x0000000020000008                ComRXBuffer
                0x0000000020000054                ComTXBuffer
                0x00000000200000a0                ComOpen
                0x00000000200000a4                ComBusy
                0x00000000200000a8                BSS_END = .
OUTPUT(main.elf elf32-littlearm)

.debug_info     0x0000000000000000      0xdc9
 .debug_info    0x0000000000000000      0x192 /tmp/ccUBUslC.o
 .debug_info    0x0000000000000192      0x472 /tmp/cc5yyCPt.o
 .debug_info    0x0000000000000604      0x7c5 /tmp/ccBv8VGl.o

.debug_abbrev   0x0000000000000000      0x58a
 .debug_abbrev  0x0000000000000000      0x124 /tmp/ccUBUslC.o
 .debug_abbrev  0x0000000000000124      0x189 /tmp/cc5yyCPt.o
 .debug_abbrev  0x00000000000002ad      0x2dd /tmp/ccBv8VGl.o

.debug_loc      0x0000000000000000      0x800
 .debug_loc     0x0000000000000000       0x2a /tmp/ccUBUslC.o
 .debug_loc     0x000000000000002a       0x54 /tmp/cc5yyCPt.o
 .debug_loc     0x000000000000007e      0x782 /tmp/ccBv8VGl.o

.debug_aranges  0x0000000000000000       0x68
 .debug_aranges
                0x0000000000000000       0x20 /tmp/ccUBUslC.o
 .debug_aranges
                0x0000000000000020       0x28 /tmp/cc5yyCPt.o
 .debug_aranges
                0x0000000000000048       0x20 /tmp/ccBv8VGl.o

.debug_line     0x0000000000000000      0x6b7
 .debug_line    0x0000000000000000       0xf9 /tmp/ccUBUslC.o
 .debug_line    0x00000000000000f9      0x20a /tmp/cc5yyCPt.o
 .debug_line    0x0000000000000303      0x3b4 /tmp/ccBv8VGl.o

.debug_str      0x0000000000000000      0x337
 .debug_str     0x0000000000000000      0x1a6 /tmp/ccUBUslC.o
                                        0x1eb (size before relaxing)
 .debug_str     0x00000000000001a6       0x95 /tmp/cc5yyCPt.o
                                        0x1fb (size before relaxing)
 .debug_str     0x000000000000023b       0xfc /tmp/ccBv8VGl.o
                                        0x29f (size before relaxing)

.comment        0x0000000000000000       0x7f
 .comment       0x0000000000000000       0x7f /tmp/ccUBUslC.o
                                         0x80 (size before relaxing)
 .comment       0x000000000000007f       0x80 /tmp/cc5yyCPt.o
 .comment       0x000000000000007f       0x80 /tmp/ccBv8VGl.o

.ARM.attributes
                0x0000000000000000       0x31
 .ARM.attributes
                0x0000000000000000       0x33 /tmp/ccUBUslC.o
 .ARM.attributes
                0x0000000000000033       0x33 /tmp/cc5yyCPt.o
 .ARM.attributes
                0x0000000000000066       0x33 /tmp/ccBv8VGl.o
 .ARM.attributes
                0x0000000000000099       0x1c /usr/local/gcc-arm-none-eabi-6-2017-q2-update/bin/../lib/gcc/arm-none-eabi/6.3.1/../../../../arm-none-eabi/lib/thumb/v7e-m/libg.a(lib_a-memcpy.o)
 .ARM.attributes
                0x00000000000000b5       0x2e /usr/local/gcc-arm-none-eabi-6-2017-q2-update/bin/../lib/gcc/arm-none-eabi/6.3.1/../../../../arm-none-eabi/lib/thumb/v7e-m/libg.a(lib_a-memset.o)

.debug_frame    0x0000000000000000      0x30c
 .debug_frame   0x0000000000000000       0x3c /tmp/ccUBUslC.o
 .debug_frame   0x000000000000003c       0xcc /tmp/cc5yyCPt.o
 .debug_frame   0x0000000000000108      0x1d0 /tmp/ccBv8VGl.o
 .debug_frame   0x00000000000002d8       0x34 /usr/local/gcc-arm-none-eabi-6-2017-q2-update/bin/../lib/gcc/arm-none-eabi/6.3.1/../../../../arm-none-eabi/lib/thumb/v7e-m/libg.a(lib_a-memset.o)

.debug_ranges   0x0000000000000000      0x258
 .debug_ranges  0x0000000000000000       0x30 /tmp/cc5yyCPt.o
 .debug_ranges  0x0000000000000030      0x228 /tmp/ccBv8VGl.o

Cross Reference Table

Symbol                                            File
ADCValue                                          /tmp/cc5yyCPt.o
ADC_ISR                                           /tmp/cc5yyCPt.o
                                                  /tmp/ccUBUslC.o
BSS_END                                           /tmp/ccUBUslC.o
BSS_START                                         /tmp/ccUBUslC.o
ComBusy                                           /tmp/ccBv8VGl.o
ComError                                          /tmp/ccBv8VGl.o
ComOpen                                           /tmp/ccBv8VGl.o
ComRXBuffer                                       /tmp/ccBv8VGl.o
ComTXBuffer                                       /tmp/ccBv8VGl.o
Default_Handler                                   /tmp/ccUBUslC.o
GetBuf                                            /tmp/ccBv8VGl.o
GetBufCount                                       /tmp/ccBv8VGl.o
HexDigit                                          /tmp/ccBv8VGl.o
INIT_DATA_END                                     /tmp/ccUBUslC.o
INIT_DATA_START                                   /tmp/ccUBUslC.o
INIT_DATA_VALUES                                  /tmp/ccUBUslC.o
PutBuf                                            /tmp/ccBv8VGl.o
ReadCom                                           /tmp/ccBv8VGl.o
Vectors                                           /tmp/ccUBUslC.o
WriteCom                                          /tmp/ccBv8VGl.o
available                                         /tmp/ccBv8VGl.o
bytesAvailable                                    /tmp/ccBv8VGl.o
configPins                                        /tmp/cc5yyCPt.o
delay                                             /tmp/cc5yyCPt.o
displayRegisters                                  /tmp/cc5yyCPt.o
egets                                             /tmp/ccBv8VGl.o
eputs                                             /tmp/ccBv8VGl.o
                                                  /tmp/cc5yyCPt.o
init                                              /tmp/ccUBUslC.o
initADC                                           /tmp/cc5yyCPt.o
initClocks                                        /tmp/cc5yyCPt.o
initDAC                                           /tmp/cc5yyCPt.o
initUART                                          /tmp/ccBv8VGl.o
                                                  /tmp/cc5yyCPt.o
isr_usart2                                        /tmp/ccBv8VGl.o
                                                  /tmp/ccUBUslC.o
main                                              /tmp/cc5yyCPt.o
                                                  /tmp/ccUBUslC.o
memcpy                                            /usr/local/gcc-arm-none-eabi-6-2017-q2-update/bin/../lib/gcc/arm-none-eabi/6.3.1/../../../../arm-none-eabi/lib/thumb/v7e-m/libg.a(lib_a-memcpy.o)
                                                  /tmp/ccUBUslC.o
memset                                            /usr/local/gcc-arm-none-eabi-6-2017-q2-update/bin/../lib/gcc/arm-none-eabi/6.3.1/../../../../arm-none-eabi/lib/thumb/v7e-m/libg.a(lib_a-memset.o)
                                                  /tmp/ccUBUslC.o
printHex                                          /tmp/ccBv8VGl.o
                                                  /tmp/cc5yyCPt.o
transmitting                                      /tmp/ccBv8VGl.o
                                                  /tmp/cc5yyCPt.o
usart_rx                                          /tmp/ccBv8VGl.o
usart_tx                                          /tmp/ccBv8VGl.o
