Archive member included to satisfy reference by file (symbol)

/usr/local/gcc-arm-none-eabi-5_4-2016q3/bin/../lib/gcc/arm-none-eabi/5.4.1/../../../../arm-none-eabi/lib/armv7e-m/libg.a(lib_a-memcpy.o)
                              /tmp/cco9mbcc.o (memcpy)
/usr/local/gcc-arm-none-eabi-5_4-2016q3/bin/../lib/gcc/arm-none-eabi/5.4.1/../../../../arm-none-eabi/lib/armv7e-m/libg.a(lib_a-memset.o)
                              /tmp/cco9mbcc.o (memset)

Allocating common symbols
Common symbol       size              file

ComError            0x4               /tmp/cc8EYGxy.o
ComRXBuffer         0x4c              /tmp/cc8EYGxy.o
ComTXBuffer         0x4c              /tmp/cc8EYGxy.o
ComOpen             0x4               /tmp/cc8EYGxy.o
ComBusy             0x4               /tmp/cc8EYGxy.o

Memory Configuration

Name             Origin             Length             Attributes
flash            0x08000000         0x00040000
sram1            0x20000000         0x0000c000
sram2            0x10000000         0x00004000
*default*        0x00000000         0xffffffff

Linker script and memory map

LOAD /tmp/cco9mbcc.o
LOAD /tmp/ccyHZDHP.o
LOAD /tmp/cc8EYGxy.o
LOAD /usr/local/gcc-arm-none-eabi-5_4-2016q3/bin/../lib/gcc/arm-none-eabi/5.4.1/armv7e-m/libgcc.a
START GROUP
LOAD /usr/local/gcc-arm-none-eabi-5_4-2016q3/bin/../lib/gcc/arm-none-eabi/5.4.1/armv7e-m/libgcc.a
LOAD /usr/local/gcc-arm-none-eabi-5_4-2016q3/bin/../lib/gcc/arm-none-eabi/5.4.1/../../../../arm-none-eabi/lib/armv7e-m/libg.a
LOAD /usr/local/gcc-arm-none-eabi-5_4-2016q3/bin/../lib/gcc/arm-none-eabi/5.4.1/../../../../arm-none-eabi/lib/armv7e-m/libc.a
END GROUP
                0x08000000                . = ORIGIN (flash)

.text           0x08000000      0xd48
 *(.vectors)
 .vectors       0x08000000      0x18c /tmp/cco9mbcc.o
                0x08000000                Vectors
 *(.text)
 .text          0x0800018c       0x40 /tmp/cco9mbcc.o
                0x0800018c                Default_Handler
                0x08000190                init
 .text          0x080001cc      0x3dc /tmp/ccyHZDHP.o
                0x080001cc                delay
                0x080001d0                initClocks
                0x08000220                configPins
                0x08000248                initDAC
                0x0800029c                initADC
                0x080003c4                ADC_ISR
                0x0800040c                displayRegisters
 .text          0x080005a8      0x66c /tmp/cc8EYGxy.o
                0x080005a8                ReadCom
                0x08000610                WriteCom
                0x080006c0                initUART
                0x08000810                isr_usart2
                0x080008dc                usart_rx
                0x08000928                usart_tx
                0x08000994                PutBuf
                0x080009c8                GetBuf
                0x080009f0                GetBufCount
                0x080009f4                available
                0x08000a04                transmitting
                0x08000a14                eputs
                0x08000ac0                egets
                0x08000b30                HexDigit
                0x08000b3c                printHex
                0x08000c08                bytesAvailable
 .text          0x08000c14      0x134 /usr/local/gcc-arm-none-eabi-5_4-2016q3/bin/../lib/gcc/arm-none-eabi/5.4.1/../../../../arm-none-eabi/lib/armv7e-m/libg.a(lib_a-memcpy.o)
                0x08000c14                memcpy
 .text          0x08000d48        0x0 /usr/local/gcc-arm-none-eabi-5_4-2016q3/bin/../lib/gcc/arm-none-eabi/5.4.1/../../../../arm-none-eabi/lib/armv7e-m/libg.a(lib_a-memset.o)

.glue_7         0x08000d48        0x0
 .glue_7        0x08000d48        0x0 linker stubs

.glue_7t        0x08000d48        0x0
 .glue_7t       0x08000d48        0x0 linker stubs

.vfp11_veneer   0x08000d48        0x0
 .vfp11_veneer  0x08000d48        0x0 linker stubs

.v4_bx          0x08000d48        0x0
 .v4_bx         0x08000d48        0x0 linker stubs

.iplt           0x08000d48        0x0
 .iplt          0x08000d48        0x0 /tmp/cco9mbcc.o

.text.startup   0x08000d48       0x4c
 .text.startup  0x08000d48       0x4c /tmp/ccyHZDHP.o
                0x08000d48                main

.text.memset    0x08000d94       0x9c
 .text.memset   0x08000d94       0x9c /usr/local/gcc-arm-none-eabi-5_4-2016q3/bin/../lib/gcc/arm-none-eabi/5.4.1/../../../../arm-none-eabi/lib/armv7e-m/libg.a(lib_a-memset.o)
                0x08000d94                memset

.rodata.str1.4  0x08000e30       0xec
 .rodata.str1.4
                0x08000e30       0xec /tmp/ccyHZDHP.o
                                 0xe9 (size before relaxing)

.rel.dyn        0x08000f1c        0x0
 .rel.iplt      0x08000f1c        0x0 /tmp/cco9mbcc.o
                0x20000000                . = ORIGIN (sram1)

.data           0x20000000        0x0 load address 0x08000f1c
                0x08000f1c                INIT_DATA_VALUES = LOADADDR (.data)
                0x20000000                INIT_DATA_START = .
 *(.data)
 .data          0x20000000        0x0 /tmp/cco9mbcc.o
 .data          0x20000000        0x0 /tmp/ccyHZDHP.o
 .data          0x20000000        0x0 /tmp/cc8EYGxy.o
 .data          0x20000000        0x0 /usr/local/gcc-arm-none-eabi-5_4-2016q3/bin/../lib/gcc/arm-none-eabi/5.4.1/../../../../arm-none-eabi/lib/armv7e-m/libg.a(lib_a-memcpy.o)
 .data          0x20000000        0x0 /usr/local/gcc-arm-none-eabi-5_4-2016q3/bin/../lib/gcc/arm-none-eabi/5.4.1/../../../../arm-none-eabi/lib/armv7e-m/libg.a(lib_a-memset.o)
                0x20000000                INIT_DATA_END = .
                0x20000000                BSS_START = .

.igot.plt       0x20000000        0x0 load address 0x08000f1c
 .igot.plt      0x20000000        0x0 /tmp/cco9mbcc.o

.bss            0x20000000       0xa8 load address 0x08000f1c
 *(.bss)
 .bss           0x20000000        0x0 /tmp/cco9mbcc.o
 .bss           0x20000000        0x4 /tmp/ccyHZDHP.o
                0x20000000                ADCValue
 .bss           0x20000004        0x0 /tmp/cc8EYGxy.o
 .bss           0x20000004        0x0 /usr/local/gcc-arm-none-eabi-5_4-2016q3/bin/../lib/gcc/arm-none-eabi/5.4.1/../../../../arm-none-eabi/lib/armv7e-m/libg.a(lib_a-memcpy.o)
 .bss           0x20000004        0x0 /usr/local/gcc-arm-none-eabi-5_4-2016q3/bin/../lib/gcc/arm-none-eabi/5.4.1/../../../../arm-none-eabi/lib/armv7e-m/libg.a(lib_a-memset.o)
 COMMON         0x20000004       0xa4 /tmp/cc8EYGxy.o
                0x20000004                ComError
                0x20000008                ComRXBuffer
                0x20000054                ComTXBuffer
                0x200000a0                ComOpen
                0x200000a4                ComBusy
                0x200000a8                BSS_END = .
OUTPUT(main.elf elf32-littlearm)

.debug_info     0x00000000      0xdd7
 .debug_info    0x00000000      0x192 /tmp/cco9mbcc.o
 .debug_info    0x00000192      0x472 /tmp/ccyHZDHP.o
 .debug_info    0x00000604      0x7d3 /tmp/cc8EYGxy.o

.debug_abbrev   0x00000000      0x58f
 .debug_abbrev  0x00000000      0x127 /tmp/cco9mbcc.o
 .debug_abbrev  0x00000127      0x18c /tmp/ccyHZDHP.o
 .debug_abbrev  0x000002b3      0x2dc /tmp/cc8EYGxy.o

.debug_loc      0x00000000      0x87e
 .debug_loc     0x00000000       0x2a /tmp/cco9mbcc.o
 .debug_loc     0x0000002a       0x54 /tmp/ccyHZDHP.o
 .debug_loc     0x0000007e      0x800 /tmp/cc8EYGxy.o

.debug_aranges  0x00000000       0x68
 .debug_aranges
                0x00000000       0x20 /tmp/cco9mbcc.o
 .debug_aranges
                0x00000020       0x28 /tmp/ccyHZDHP.o
 .debug_aranges
                0x00000048       0x20 /tmp/cc8EYGxy.o

.debug_line     0x00000000      0x67f
 .debug_line    0x00000000       0xed /tmp/cco9mbcc.o
 .debug_line    0x000000ed      0x200 /tmp/ccyHZDHP.o
 .debug_line    0x000002ed      0x392 /tmp/cc8EYGxy.o

.debug_str      0x00000000      0x32c
 .debug_str     0x00000000      0x19b /tmp/cco9mbcc.o
                                0x1e0 (size before relaxing)
 .debug_str     0x0000019b       0x95 /tmp/ccyHZDHP.o
                                0x1f0 (size before relaxing)
 .debug_str     0x00000230       0xfc /tmp/cc8EYGxy.o
                                0x294 (size before relaxing)

.comment        0x00000000       0x6e
 .comment       0x00000000       0x6e /tmp/cco9mbcc.o
                                 0x6f (size before relaxing)
 .comment       0x0000006e       0x6f /tmp/ccyHZDHP.o
 .comment       0x0000006e       0x6f /tmp/cc8EYGxy.o

.ARM.attributes
                0x00000000       0x31
 .ARM.attributes
                0x00000000       0x33 /tmp/cco9mbcc.o
 .ARM.attributes
                0x00000033       0x33 /tmp/ccyHZDHP.o
 .ARM.attributes
                0x00000066       0x33 /tmp/cc8EYGxy.o
 .ARM.attributes
                0x00000099       0x1c /usr/local/gcc-arm-none-eabi-5_4-2016q3/bin/../lib/gcc/arm-none-eabi/5.4.1/../../../../arm-none-eabi/lib/armv7e-m/libg.a(lib_a-memcpy.o)
 .ARM.attributes
                0x000000b5       0x2e /usr/local/gcc-arm-none-eabi-5_4-2016q3/bin/../lib/gcc/arm-none-eabi/5.4.1/../../../../arm-none-eabi/lib/armv7e-m/libg.a(lib_a-memset.o)

.debug_frame    0x00000000      0x318
 .debug_frame   0x00000000       0x3c /tmp/cco9mbcc.o
 .debug_frame   0x0000003c       0xcc /tmp/ccyHZDHP.o
 .debug_frame   0x00000108      0x1dc /tmp/cc8EYGxy.o
 .debug_frame   0x000002e4       0x34 /usr/local/gcc-arm-none-eabi-5_4-2016q3/bin/../lib/gcc/arm-none-eabi/5.4.1/../../../../arm-none-eabi/lib/armv7e-m/libg.a(lib_a-memset.o)

.debug_ranges   0x00000000      0x220
 .debug_ranges  0x00000000       0x30 /tmp/ccyHZDHP.o
 .debug_ranges  0x00000030      0x1f0 /tmp/cc8EYGxy.o

Cross Reference Table

Symbol                                            File
ADCValue                                          /tmp/ccyHZDHP.o
ADC_ISR                                           /tmp/ccyHZDHP.o
                                                  /tmp/cco9mbcc.o
BSS_END                                           /tmp/cco9mbcc.o
BSS_START                                         /tmp/cco9mbcc.o
ComBusy                                           /tmp/cc8EYGxy.o
ComError                                          /tmp/cc8EYGxy.o
ComOpen                                           /tmp/cc8EYGxy.o
ComRXBuffer                                       /tmp/cc8EYGxy.o
ComTXBuffer                                       /tmp/cc8EYGxy.o
Default_Handler                                   /tmp/cco9mbcc.o
GetBuf                                            /tmp/cc8EYGxy.o
GetBufCount                                       /tmp/cc8EYGxy.o
HexDigit                                          /tmp/cc8EYGxy.o
INIT_DATA_END                                     /tmp/cco9mbcc.o
INIT_DATA_START                                   /tmp/cco9mbcc.o
INIT_DATA_VALUES                                  /tmp/cco9mbcc.o
PutBuf                                            /tmp/cc8EYGxy.o
ReadCom                                           /tmp/cc8EYGxy.o
Vectors                                           /tmp/cco9mbcc.o
WriteCom                                          /tmp/cc8EYGxy.o
available                                         /tmp/cc8EYGxy.o
bytesAvailable                                    /tmp/cc8EYGxy.o
configPins                                        /tmp/ccyHZDHP.o
delay                                             /tmp/ccyHZDHP.o
displayRegisters                                  /tmp/ccyHZDHP.o
egets                                             /tmp/cc8EYGxy.o
eputs                                             /tmp/cc8EYGxy.o
                                                  /tmp/ccyHZDHP.o
init                                              /tmp/cco9mbcc.o
initADC                                           /tmp/ccyHZDHP.o
initClocks                                        /tmp/ccyHZDHP.o
initDAC                                           /tmp/ccyHZDHP.o
initUART                                          /tmp/cc8EYGxy.o
                                                  /tmp/ccyHZDHP.o
isr_usart2                                        /tmp/cc8EYGxy.o
                                                  /tmp/cco9mbcc.o
main                                              /tmp/ccyHZDHP.o
                                                  /tmp/cco9mbcc.o
memcpy                                            /usr/local/gcc-arm-none-eabi-5_4-2016q3/bin/../lib/gcc/arm-none-eabi/5.4.1/../../../../arm-none-eabi/lib/armv7e-m/libg.a(lib_a-memcpy.o)
                                                  /tmp/cco9mbcc.o
memset                                            /usr/local/gcc-arm-none-eabi-5_4-2016q3/bin/../lib/gcc/arm-none-eabi/5.4.1/../../../../arm-none-eabi/lib/armv7e-m/libg.a(lib_a-memset.o)
                                                  /tmp/cco9mbcc.o
printHex                                          /tmp/cc8EYGxy.o
                                                  /tmp/ccyHZDHP.o
transmitting                                      /tmp/cc8EYGxy.o
                                                  /tmp/ccyHZDHP.o
usart_rx                                          /tmp/cc8EYGxy.o
usart_tx                                          /tmp/cc8EYGxy.o
